make[1]: Entering directory '/workspace/kernel_xiaomi_sm6150_sweet/out'
  GEN     ./Makefile
scripts/kconfig/conf  --silentoldconfig Kconfig
  CHK     include/config/kernel.release
  GEN     ./Makefile
  CHK     include/generated/uapi/linux/version.h
  CHK     include/generated/utsrelease.h
  Using .. as source for kernel
-- SukiSU-Ultra version (GitHub): 13230
-- SukiSU-Ultra version (Github): v3.1.7-0b03cd9f@susfs-main
-- SukiSU: Manual hooking enabled!
-- KERNEL_VERSION: 4.14
-- KERNEL_TYPE: Non-GKI
-- KPM is enabled
-- SukiSU Manager signature size: 0x35c
-- SukiSU Manager signature hash: 947ae944f3de4ed4c21a7e4f7953ecf351bfa2b36239da37a34111ad29993eef
-- Supported Unofficial Manager: 5ec1cff (GKI) rsuntk (Non-GKI) ShirkNeko udochina (GKI and non-GKI and KPM)

-- SUSFS_VERSION: v1.5.9
  CHK     scripts/mod/devicetable-offsets.h
  CHK     include/generated/timeconst.h
  CHK     include/generated/bounds.h
  CHK     include/generated/asm-offsets.h
  CALL    ../scripts/checksyscalls.sh
  CHK     include/generated/compile.h
  CC      fs/stat.o
  CC      fs/namei.o
In file included from ../fs/stat.c:21:
../include/linux/susfs_def.h:75:52: error: use of undeclared identifier 'TIF_NON_ROOT_USER_APP_PROC'
   75 |         return test_ti_thread_flag(&current->thread_info, TIF_NON_ROOT_USER_APP_PROC);
      |                                                           ^
../include/linux/susfs_def.h:79:44: error: use of undeclared identifier 'TIF_NON_ROOT_USER_APP_PROC'
   79 |         set_ti_thread_flag(&current->thread_info, TIF_NON_ROOT_USER_APP_PROC);
      |                                                   ^
2 errors generated.
make[2]: *** [../scripts/Makefile.build:364: fs/stat.o] Error 1
make[2]: *** Waiting for unfinished jobs....
  DTC     arch/arm64/boot/dts/qcom/xiaomi-sdmmagpie.dtb
In file included from ../fs/namei.c:43:
../include/linux/susfs_def.h:75:52: error: use of undeclared identifier 'TIF_NON_ROOT_USER_APP_PROC'
   75 |         return test_ti_thread_flag(&current->thread_info, TIF_NON_ROOT_USER_APP_PROC);
      |                                                           ^
../include/linux/susfs_def.h:79:44: error: use of undeclared identifier 'TIF_NON_ROOT_USER_APP_PROC'
   79 |         set_ti_thread_flag(&current->thread_info, TIF_NON_ROOT_USER_APP_PROC);
      |                                                   ^
2 errors generated.
make[2]: *** [../scripts/Makefile.build:364: fs/namei.o] Error 1
make[1]: *** [/workspace/kernel_xiaomi_sm6150_sweet/Makefile:1278: fs] Error 2
make[1]: *** Waiting for unfinished jobs....
  CHK     kernel/config_data.h
  DTC     arch/arm64/boot/dts/qcom/sweet-sdmmagpie-overlay.dtbo
-- SukiSU-Ultra version (GitHub): 13230
-- SukiSU-Ultra version (Github): v3.1.7-0b03cd9f@susfs-main
-- SukiSU: Manual hooking enabled!
-- KERNEL_VERSION: 4.14
-- KERNEL_TYPE: Non-GKI
-- KPM is enabled
-- SukiSU Manager signature size: 0x35c
-- SukiSU Manager signature hash: 947ae944f3de4ed4c21a7e4f7953ecf351bfa2b36239da37a34111ad29993eef
-- Supported Unofficial Manager: 5ec1cff (GKI) rsuntk (Non-GKI) ShirkNeko udochina (GKI and non-GKI and KPM)

-- SUSFS_VERSION: v1.5.9
  CC      drivers/kernelsu/ksu.o
In file included from ../drivers/kernelsu/ksu.c:15:
In file included from ../include/linux/susfs.h:9:
../include/linux/susfs_def.h:75:52: error: use of undeclared identifier 'TIF_NON_ROOT_USER_APP_PROC'
   75 |         return test_ti_thread_flag(&current->thread_info, TIF_NON_ROOT_USER_APP_PROC);
      |                                                           ^
../include/linux/susfs_def.h:79:44: error: use of undeclared identifier 'TIF_NON_ROOT_USER_APP_PROC'
   79 |         set_ti_thread_flag(&current->thread_info, TIF_NON_ROOT_USER_APP_PROC);
      |                                                   ^
2 errors generated.
make[3]: *** [../scripts/Makefile.build:364: drivers/kernelsu/ksu.o] Error 1
make[2]: *** [../scripts/Makefile.build:678: drivers/kernelsu] Error 2
make[2]: *** Waiting for unfinished jobs....
make[1]: *** [/workspace/kernel_xiaomi_sm6150_sweet/Makefile:1278: drivers] Error 2
make[1]: Leaving directory '/workspace/kernel_xiaomi_sm6150_sweet/out'
make: *** [Makefile:153: sub-make] Error 2
